[2025-02-06T11:14:36.121+0530][gc,init] CardTable entry size: 512
[2025-02-06T11:14:36.121+0530][gc     ] Using G1
[2025-02-06T11:14:36.122+0530][gc,init] Version: 23+37-2369 (release)
[2025-02-06T11:14:36.122+0530][gc,init] CPUs: 8 total, 8 available
[2025-02-06T11:14:36.122+0530][gc,init] Memory: 8192M
[2025-02-06T11:14:36.122+0530][gc,init] Large Page Support: Disabled
[2025-02-06T11:14:36.122+0530][gc,init] NUMA Support: Disabled
[2025-02-06T11:14:36.122+0530][gc,init] Compressed Oops: Enabled (Zero based)
[2025-02-06T11:14:36.122+0530][gc,init] Heap Region Size: 1M
[2025-02-06T11:14:36.122+0530][gc,init] Heap Min Capacity: 1G
[2025-02-06T11:14:36.122+0530][gc,init] Heap Initial Capacity: 1G
[2025-02-06T11:14:36.122+0530][gc,init] Heap Max Capacity: 1G
[2025-02-06T11:14:36.122+0530][gc,init] Pre-touch: Disabled
[2025-02-06T11:14:36.122+0530][gc,init] Parallel Workers: 8
[2025-02-06T11:14:36.122+0530][gc,init] Concurrent Workers: 2
[2025-02-06T11:14:36.122+0530][gc,init] Concurrent Refinement Workers: 8
[2025-02-06T11:14:36.122+0530][gc,init] Periodic GC: Disabled
[2025-02-06T11:14:36.125+0530][gc,metaspace] CDS archive(s) mapped at: [0x000007f800000000-0x000007f800d94000-0x000007f800d94000), size 14237696, SharedBaseAddress: 0x000007f800000000, ArchiveRelocationMode: 1.
[2025-02-06T11:14:36.125+0530][gc,metaspace] Compressed class space mapped at: 0x000007f801000000-0x000007f841000000, reserved size: 1073741824
[2025-02-06T11:14:36.125+0530][gc,metaspace] Narrow klass base: 0x000007f800000000, Narrow klass shift: 0, Narrow klass range: 0x100000000
[2025-02-06T11:14:36.807+0530][gc,start    ] GC(0) Pause Young (Normal) (G1 Evacuation Pause)
[2025-02-06T11:14:36.808+0530][gc,task     ] GC(0) Using 8 workers of 8 for evacuation
[2025-02-06T11:14:36.811+0530][gc,phases   ] GC(0)   Pre Evacuate Collection Set: 0.13ms
[2025-02-06T11:14:36.811+0530][gc,phases   ] GC(0)   Merge Heap Roots: 0.28ms
[2025-02-06T11:14:36.811+0530][gc,phases   ] GC(0)   Evacuate Collection Set: 2.09ms
[2025-02-06T11:14:36.811+0530][gc,phases   ] GC(0)   Post Evacuate Collection Set: 0.27ms
[2025-02-06T11:14:36.811+0530][gc,phases   ] GC(0)   Other: 0.17ms
[2025-02-06T11:14:36.811+0530][gc,heap     ] GC(0) Eden regions: 51->0(44)
[2025-02-06T11:14:36.811+0530][gc,heap     ] GC(0) Survivor regions: 0->7(7)
[2025-02-06T11:14:36.811+0530][gc,heap     ] GC(0) Old regions: 2->4
[2025-02-06T11:14:36.811+0530][gc,heap     ] GC(0) Humongous regions: 0->0
[2025-02-06T11:14:36.811+0530][gc,metaspace] GC(0) Metaspace: 17143K(17408K)->17143K(17408K) NonClass: 15075K(15232K)->15075K(15232K) Class: 2067K(2176K)->2067K(2176K)
[2025-02-06T11:14:36.811+0530][gc          ] GC(0) Pause Young (Normal) (G1 Evacuation Pause) 52M->9M(1024M) 3.674ms
[2025-02-06T11:14:36.811+0530][gc,cpu      ] GC(0) User=0.01s Sys=0.00s Real=0.01s
[2025-02-06T11:14:36.927+0530][gc,start    ] GC(1) Pause Young (Concurrent Start) (Metadata GC Threshold)
[2025-02-06T11:14:36.927+0530][gc,task     ] GC(1) Using 8 workers of 8 for evacuation
[2025-02-06T11:14:36.929+0530][gc,phases   ] GC(1)   Pre Evacuate Collection Set: 0.12ms
[2025-02-06T11:14:36.929+0530][gc,phases   ] GC(1)   Merge Heap Roots: 0.03ms
[2025-02-06T11:14:36.929+0530][gc,phases   ] GC(1)   Evacuate Collection Set: 1.62ms
[2025-02-06T11:14:36.929+0530][gc,phases   ] GC(1)   Post Evacuate Collection Set: 0.17ms
[2025-02-06T11:14:36.929+0530][gc,phases   ] GC(1)   Other: 0.04ms
[2025-02-06T11:14:36.929+0530][gc,heap     ] GC(1) Eden regions: 16->0(49)
[2025-02-06T11:14:36.929+0530][gc,heap     ] GC(1) Survivor regions: 7->2(7)
[2025-02-06T11:14:36.929+0530][gc,heap     ] GC(1) Old regions: 4->11
[2025-02-06T11:14:36.929+0530][gc,heap     ] GC(1) Humongous regions: 0->0
[2025-02-06T11:14:36.929+0530][gc,metaspace] GC(1) Metaspace: 21329K(21504K)->21329K(21504K) NonClass: 18740K(18816K)->18740K(18816K) Class: 2589K(2688K)->2589K(2688K)
[2025-02-06T11:14:36.929+0530][gc          ] GC(1) Pause Young (Concurrent Start) (Metadata GC Threshold) 24M->10M(1024M) 2.084ms
[2025-02-06T11:14:36.929+0530][gc          ] GC(2) Concurrent Mark Cycle
[2025-02-06T11:14:36.929+0530][gc,cpu      ] GC(1) User=0.01s Sys=0.01s Real=0.00s
[2025-02-06T11:14:36.929+0530][gc,marking  ] GC(2) Concurrent Scan Root Regions
[2025-02-06T11:14:36.931+0530][gc,marking  ] GC(2) Concurrent Scan Root Regions 1.546ms
[2025-02-06T11:14:36.931+0530][gc,marking  ] GC(2) Concurrent Mark
[2025-02-06T11:14:36.931+0530][gc,marking  ] GC(2) Concurrent Mark From Roots
[2025-02-06T11:14:36.931+0530][gc,task     ] GC(2) Using 2 workers of 2 for marking
[2025-02-06T11:14:36.932+0530][gc,marking  ] GC(2) Concurrent Mark From Roots 0.739ms
[2025-02-06T11:14:36.932+0530][gc,marking  ] GC(2) Concurrent Preclean
[2025-02-06T11:14:36.932+0530][gc,marking  ] GC(2) Concurrent Preclean 0.022ms
[2025-02-06T11:14:36.932+0530][gc,start    ] GC(2) Pause Remark
[2025-02-06T11:14:36.932+0530][gc          ] GC(2) Pause Remark 11M->11M(1024M) 0.845ms
[2025-02-06T11:14:36.932+0530][gc,cpu      ] GC(2) User=0.00s Sys=0.00s Real=0.00s
[2025-02-06T11:14:36.933+0530][gc,marking  ] GC(2) Concurrent Mark 1.676ms
[2025-02-06T11:14:36.933+0530][gc,marking  ] GC(2) Concurrent Rebuild Remembered Sets and Scrub Regions
[2025-02-06T11:14:36.934+0530][gc,marking  ] GC(2) Concurrent Rebuild Remembered Sets and Scrub Regions 1.093ms
[2025-02-06T11:14:36.934+0530][gc,start    ] GC(2) Pause Cleanup
[2025-02-06T11:14:36.934+0530][gc          ] GC(2) Pause Cleanup 11M->11M(1024M) 0.017ms
[2025-02-06T11:14:36.934+0530][gc,cpu      ] GC(2) User=0.00s Sys=0.00s Real=0.00s
[2025-02-06T11:14:36.934+0530][gc,marking  ] GC(2) Concurrent Clear Claimed Marks
[2025-02-06T11:14:36.934+0530][gc,marking  ] GC(2) Concurrent Clear Claimed Marks 0.006ms
[2025-02-06T11:14:36.934+0530][gc,marking  ] GC(2) Concurrent Cleanup for Next Mark
[2025-02-06T11:14:36.935+0530][gc,marking  ] GC(2) Concurrent Cleanup for Next Mark 1.200ms
[2025-02-06T11:14:36.935+0530][gc          ] GC(2) Concurrent Mark Cycle 5.659ms
[2025-02-06T11:14:37.220+0530][gc,start    ] GC(3) Pause Young (Prepare Mixed) (G1 Evacuation Pause)
[2025-02-06T11:14:37.220+0530][gc,task     ] GC(3) Using 8 workers of 8 for evacuation
[2025-02-06T11:14:37.222+0530][gc,phases   ] GC(3)   Pre Evacuate Collection Set: 0.13ms
[2025-02-06T11:14:37.222+0530][gc,phases   ] GC(3)   Merge Heap Roots: 0.04ms
[2025-02-06T11:14:37.222+0530][gc,phases   ] GC(3)   Evacuate Collection Set: 1.75ms
[2025-02-06T11:14:37.222+0530][gc,phases   ] GC(3)   Post Evacuate Collection Set: 0.21ms
[2025-02-06T11:14:37.222+0530][gc,phases   ] GC(3)   Other: 0.04ms
[2025-02-06T11:14:37.222+0530][gc,heap     ] GC(3) Eden regions: 49->0(44)
[2025-02-06T11:14:37.222+0530][gc,heap     ] GC(3) Survivor regions: 2->7(7)
[2025-02-06T11:14:37.222+0530][gc,heap     ] GC(3) Old regions: 11->12
[2025-02-06T11:14:37.222+0530][gc,heap     ] GC(3) Humongous regions: 129->129
[2025-02-06T11:14:37.222+0530][gc,metaspace] GC(3) Metaspace: 32620K(32896K)->32620K(32896K) NonClass: 28972K(29120K)->28972K(29120K) Class: 3648K(3776K)->3648K(3776K)
[2025-02-06T11:14:37.222+0530][gc          ] GC(3) Pause Young (Prepare Mixed) (G1 Evacuation Pause) (Evacuation Failure: Pinned) 188M->146M(1024M) 2.268ms
[2025-02-06T11:14:37.222+0530][gc,cpu      ] GC(3) User=0.01s Sys=0.00s Real=0.00s
[2025-02-06T11:14:37.361+0530][gc,start    ] GC(4) Pause Young (Mixed) (Metadata GC Threshold)
[2025-02-06T11:14:37.361+0530][gc,task     ] GC(4) Using 8 workers of 8 for evacuation
[2025-02-06T11:14:37.363+0530][gc,phases   ] GC(4)   Pre Evacuate Collection Set: 0.14ms
[2025-02-06T11:14:37.363+0530][gc,phases   ] GC(4)   Merge Heap Roots: 0.04ms
[2025-02-06T11:14:37.363+0530][gc,phases   ] GC(4)   Evacuate Collection Set: 1.75ms
[2025-02-06T11:14:37.363+0530][gc,phases   ] GC(4)   Post Evacuate Collection Set: 0.19ms
[2025-02-06T11:14:37.363+0530][gc,phases   ] GC(4)   Other: 0.04ms
[2025-02-06T11:14:37.363+0530][gc,heap     ] GC(4) Eden regions: 14->0(49)
[2025-02-06T11:14:37.363+0530][gc,heap     ] GC(4) Survivor regions: 7->2(7)
[2025-02-06T11:14:37.363+0530][gc,heap     ] GC(4) Old regions: 12->16
[2025-02-06T11:14:37.363+0530][gc,heap     ] GC(4) Humongous regions: 129->129
[2025-02-06T11:14:37.363+0530][gc,metaspace] GC(4) Metaspace: 35800K(36096K)->35800K(36096K) NonClass: 31723K(31872K)->31723K(31872K) Class: 4077K(4224K)->4077K(4224K)
[2025-02-06T11:14:37.363+0530][gc          ] GC(4) Pause Young (Mixed) (Metadata GC Threshold) 159M->145M(1024M) 2.269ms
[2025-02-06T11:14:37.363+0530][gc,cpu      ] GC(4) User=0.01s Sys=0.00s Real=0.00s
[2025-02-06T11:14:37.369+0530][gc,start    ] GC(5) Pause Young (Concurrent Start) (Metadata GC Threshold)
[2025-02-06T11:14:37.369+0530][gc,task     ] GC(5) Using 8 workers of 8 for evacuation
[2025-02-06T11:14:37.370+0530][gc,phases   ] GC(5)   Pre Evacuate Collection Set: 0.15ms
[2025-02-06T11:14:37.370+0530][gc,phases   ] GC(5)   Merge Heap Roots: 0.03ms
[2025-02-06T11:14:37.370+0530][gc,phases   ] GC(5)   Evacuate Collection Set: 0.45ms
[2025-02-06T11:14:37.370+0530][gc,phases   ] GC(5)   Post Evacuate Collection Set: 0.13ms
[2025-02-06T11:14:37.370+0530][gc,phases   ] GC(5)   Other: 0.04ms
[2025-02-06T11:14:37.370+0530][gc,heap     ] GC(5) Eden regions: 2->0(50)
[2025-02-06T11:14:37.370+0530][gc,heap     ] GC(5) Survivor regions: 2->1(7)
[2025-02-06T11:14:37.370+0530][gc,heap     ] GC(5) Old regions: 16->16
[2025-02-06T11:14:37.370+0530][gc,heap     ] GC(5) Humongous regions: 129->129
[2025-02-06T11:14:37.370+0530][gc,metaspace] GC(5) Metaspace: 36099K(36416K)->36099K(36416K) NonClass: 31979K(32128K)->31979K(32128K) Class: 4119K(4288K)->4119K(4288K)
[2025-02-06T11:14:37.370+0530][gc          ] GC(5) Pause Young (Concurrent Start) (Metadata GC Threshold) 147M->145M(1024M) 0.876ms
[2025-02-06T11:14:37.370+0530][gc          ] GC(6) Concurrent Mark Cycle
[2025-02-06T11:14:37.370+0530][gc,cpu      ] GC(5) User=0.00s Sys=0.00s Real=0.01s
[2025-02-06T11:14:37.370+0530][gc,marking  ] GC(6) Concurrent Scan Root Regions
[2025-02-06T11:14:37.371+0530][gc,marking  ] GC(6) Concurrent Scan Root Regions 0.625ms
[2025-02-06T11:14:37.371+0530][gc,marking  ] GC(6) Concurrent Mark
[2025-02-06T11:14:37.371+0530][gc,marking  ] GC(6) Concurrent Mark From Roots
[2025-02-06T11:14:37.371+0530][gc,task     ] GC(6) Using 2 workers of 2 for marking
[2025-02-06T11:14:37.377+0530][gc,marking  ] GC(6) Concurrent Mark From Roots 5.845ms
[2025-02-06T11:14:37.377+0530][gc,marking  ] GC(6) Concurrent Preclean
[2025-02-06T11:14:37.377+0530][gc,marking  ] GC(6) Concurrent Preclean 0.025ms
[2025-02-06T11:14:37.377+0530][gc,start    ] GC(6) Pause Remark
[2025-02-06T11:14:37.378+0530][gc          ] GC(6) Pause Remark 146M->146M(1024M) 0.935ms
[2025-02-06T11:14:37.378+0530][gc,cpu      ] GC(6) User=0.00s Sys=0.00s Real=0.00s
[2025-02-06T11:14:37.378+0530][gc,marking  ] GC(6) Concurrent Mark 6.921ms
[2025-02-06T11:14:37.378+0530][gc,marking  ] GC(6) Concurrent Rebuild Remembered Sets and Scrub Regions
[2025-02-06T11:14:37.381+0530][gc,marking  ] GC(6) Concurrent Rebuild Remembered Sets and Scrub Regions 2.667ms
[2025-02-06T11:14:37.381+0530][gc,start    ] GC(6) Pause Cleanup
[2025-02-06T11:14:37.381+0530][gc          ] GC(6) Pause Cleanup 146M->146M(1024M) 0.021ms
[2025-02-06T11:14:37.381+0530][gc,cpu      ] GC(6) User=0.00s Sys=0.00s Real=0.00s
[2025-02-06T11:14:37.381+0530][gc,marking  ] GC(6) Concurrent Clear Claimed Marks
[2025-02-06T11:14:37.381+0530][gc,marking  ] GC(6) Concurrent Clear Claimed Marks 0.013ms
[2025-02-06T11:14:37.381+0530][gc,marking  ] GC(6) Concurrent Cleanup for Next Mark
[2025-02-06T11:14:37.388+0530][gc,marking  ] GC(6) Concurrent Cleanup for Next Mark 7.674ms
[2025-02-06T11:14:37.388+0530][gc          ] GC(6) Concurrent Mark Cycle 18.076ms
[2025-02-06T11:52:38.683+0530][gc,start    ] GC(7) Pause Young (Prepare Mixed) (G1 Evacuation Pause)
[2025-02-06T11:52:38.683+0530][gc,task     ] GC(7) Using 8 workers of 8 for evacuation
[2025-02-06T11:52:38.688+0530][gc,phases   ] GC(7)   Pre Evacuate Collection Set: 0.35ms
[2025-02-06T11:52:38.688+0530][gc,phases   ] GC(7)   Merge Heap Roots: 0.07ms
[2025-02-06T11:52:38.688+0530][gc,phases   ] GC(7)   Evacuate Collection Set: 3.52ms
[2025-02-06T11:52:38.688+0530][gc,phases   ] GC(7)   Post Evacuate Collection Set: 0.19ms
[2025-02-06T11:52:38.688+0530][gc,phases   ] GC(7)   Other: 0.06ms
[2025-02-06T11:52:38.688+0530][gc,heap     ] GC(7) Eden regions: 50->0(47)
[2025-02-06T11:52:38.688+0530][gc,heap     ] GC(7) Survivor regions: 1->4(7)
[2025-02-06T11:52:38.688+0530][gc,heap     ] GC(7) Old regions: 16->16
[2025-02-06T11:52:38.688+0530][gc,heap     ] GC(7) Humongous regions: 129->129
[2025-02-06T11:52:38.688+0530][gc,metaspace] GC(7) Metaspace: 41139K(41728K)->41139K(41728K) NonClass: 36170K(36480K)->36170K(36480K) Class: 4968K(5248K)->4968K(5248K)
[2025-02-06T11:52:38.688+0530][gc          ] GC(7) Pause Young (Prepare Mixed) (G1 Evacuation Pause) 195M->148M(1024M) 4.934ms
[2025-02-06T11:52:38.688+0530][gc,cpu      ] GC(7) User=0.01s Sys=0.01s Real=0.00s
[2025-02-06T12:01:31.233+0530][gc,start    ] GC(8) Pause Young (Mixed) (G1 Evacuation Pause)
[2025-02-06T12:01:31.235+0530][gc,task     ] GC(8) Using 8 workers of 8 for evacuation
[2025-02-06T12:01:31.261+0530][gc,mmu      ] GC(8) MMU target violated: 21.0ms (20.0ms/21.0ms)
[2025-02-06T12:01:31.262+0530][gc,phases   ] GC(8)   Pre Evacuate Collection Set: 2.16ms
[2025-02-06T12:01:31.262+0530][gc,phases   ] GC(8)   Merge Heap Roots: 0.82ms
[2025-02-06T12:01:31.262+0530][gc,phases   ] GC(8)   Evacuate Collection Set: 22.50ms
[2025-02-06T12:01:31.262+0530][gc,phases   ] GC(8)   Post Evacuate Collection Set: 0.91ms
[2025-02-06T12:01:31.262+0530][gc,phases   ] GC(8)   Other: 0.39ms
[2025-02-06T12:01:31.262+0530][gc,heap     ] GC(8) Eden regions: 47->0(44)
[2025-02-06T12:01:31.262+0530][gc,heap     ] GC(8) Survivor regions: 4->7(7)
[2025-02-06T12:01:31.262+0530][gc,heap     ] GC(8) Old regions: 16->16
[2025-02-06T12:01:31.262+0530][gc,heap     ] GC(8) Humongous regions: 129->129
[2025-02-06T12:01:31.262+0530][gc,metaspace] GC(8) Metaspace: 43478K(44096K)->43478K(44096K) NonClass: 38235K(38592K)->38235K(38592K) Class: 5242K(5504K)->5242K(5504K)
[2025-02-06T12:01:31.262+0530][gc          ] GC(8) Pause Young (Mixed) (G1 Evacuation Pause) 195M->150M(1024M) 29.163ms
[2025-02-06T12:01:31.262+0530][gc,cpu      ] GC(8) User=0.03s Sys=0.05s Real=0.03s
[2025-02-06T12:09:49.732+0530][gc,start    ] GC(9) Pause Young (Normal) (G1 Evacuation Pause)
[2025-02-06T12:09:49.733+0530][gc,task     ] GC(9) Using 8 workers of 8 for evacuation
[2025-02-06T12:09:49.752+0530][gc,phases   ] GC(9)   Pre Evacuate Collection Set: 1.39ms
[2025-02-06T12:09:49.752+0530][gc,phases   ] GC(9)   Merge Heap Roots: 0.34ms
[2025-02-06T12:09:49.752+0530][gc,phases   ] GC(9)   Evacuate Collection Set: 15.63ms
[2025-02-06T12:09:49.752+0530][gc,phases   ] GC(9)   Post Evacuate Collection Set: 0.79ms
[2025-02-06T12:09:49.753+0530][gc,phases   ] GC(9)   Other: 0.45ms
[2025-02-06T12:09:49.753+0530][gc,heap     ] GC(9) Eden regions: 44->0(47)
[2025-02-06T12:09:49.753+0530][gc,heap     ] GC(9) Survivor regions: 7->4(7)
[2025-02-06T12:09:49.753+0530][gc,heap     ] GC(9) Old regions: 16->20
[2025-02-06T12:09:49.753+0530][gc,heap     ] GC(9) Humongous regions: 129->129
[2025-02-06T12:09:49.753+0530][gc,metaspace] GC(9) Metaspace: 43552K(44224K)->43552K(44224K) NonClass: 38309K(38720K)->38309K(38720K) Class: 5242K(5504K)->5242K(5504K)
[2025-02-06T12:09:49.753+0530][gc          ] GC(9) Pause Young (Normal) (G1 Evacuation Pause) 194M->151M(1024M) 21.840ms
[2025-02-06T12:09:49.753+0530][gc,cpu      ] GC(9) User=0.03s Sys=0.03s Real=0.02s
[2025-02-06T12:19:05.837+0530][gc,start    ] GC(10) Pause Young (Normal) (G1 Evacuation Pause)
[2025-02-06T12:19:05.838+0530][gc,task     ] GC(10) Using 8 workers of 8 for evacuation
[2025-02-06T12:19:05.854+0530][gc,phases   ] GC(10)   Pre Evacuate Collection Set: 1.67ms
[2025-02-06T12:19:05.854+0530][gc,phases   ] GC(10)   Merge Heap Roots: 0.35ms
[2025-02-06T12:19:05.854+0530][gc,phases   ] GC(10)   Evacuate Collection Set: 12.19ms
[2025-02-06T12:19:05.854+0530][gc,phases   ] GC(10)   Post Evacuate Collection Set: 0.58ms
[2025-02-06T12:19:05.854+0530][gc,phases   ] GC(10)   Other: 0.30ms
[2025-02-06T12:19:05.854+0530][gc,heap     ] GC(10) Eden regions: 47->0(47)
[2025-02-06T12:19:05.854+0530][gc,heap     ] GC(10) Survivor regions: 4->4(7)
[2025-02-06T12:19:05.854+0530][gc,heap     ] GC(10) Old regions: 20->20
[2025-02-06T12:19:05.854+0530][gc,heap     ] GC(10) Humongous regions: 129->129
[2025-02-06T12:19:05.855+0530][gc,metaspace] GC(10) Metaspace: 43608K(44224K)->43608K(44224K) NonClass: 38362K(38720K)->38362K(38720K) Class: 5246K(5504K)->5246K(5504K)
[2025-02-06T12:19:05.855+0530][gc          ] GC(10) Pause Young (Normal) (G1 Evacuation Pause) 198M->151M(1024M) 19.005ms
[2025-02-06T12:19:05.855+0530][gc,cpu      ] GC(10) User=0.03s Sys=0.02s Real=0.02s
[2025-02-06T12:29:43.785+0530][gc,start    ] GC(11) Pause Young (Normal) (G1 Evacuation Pause)
[2025-02-06T12:29:43.787+0530][gc,task     ] GC(11) Using 8 workers of 8 for evacuation
[2025-02-06T12:29:43.799+0530][gc,phases   ] GC(11)   Pre Evacuate Collection Set: 1.22ms
[2025-02-06T12:29:43.799+0530][gc,phases   ] GC(11)   Merge Heap Roots: 0.30ms
[2025-02-06T12:29:43.799+0530][gc,phases   ] GC(11)   Evacuate Collection Set: 9.05ms
[2025-02-06T12:29:43.799+0530][gc,phases   ] GC(11)   Post Evacuate Collection Set: 0.90ms
[2025-02-06T12:29:43.799+0530][gc,phases   ] GC(11)   Other: 0.36ms
[2025-02-06T12:29:43.799+0530][gc,heap     ] GC(11) Eden regions: 47->0(48)
[2025-02-06T12:29:43.799+0530][gc,heap     ] GC(11) Survivor regions: 4->3(7)
[2025-02-06T12:29:43.799+0530][gc,heap     ] GC(11) Old regions: 20->20
[2025-02-06T12:29:43.799+0530][gc,heap     ] GC(11) Humongous regions: 129->129
[2025-02-06T12:29:43.799+0530][gc,metaspace] GC(11) Metaspace: 43636K(44288K)->43636K(44288K) NonClass: 38389K(38784K)->38389K(38784K) Class: 5246K(5504K)->5246K(5504K)
[2025-02-06T12:29:43.799+0530][gc          ] GC(11) Pause Young (Normal) (G1 Evacuation Pause) 198M->151M(1024M) 13.985ms
[2025-02-06T12:29:43.799+0530][gc,cpu      ] GC(11) User=0.03s Sys=0.02s Real=0.01s
[2025-02-06T12:40:46.804+0530][gc,start    ] GC(12) Pause Young (Normal) (G1 Evacuation Pause)
[2025-02-06T12:40:46.806+0530][gc,task     ] GC(12) Using 8 workers of 8 for evacuation
[2025-02-06T12:40:46.820+0530][gc,phases   ] GC(12)   Pre Evacuate Collection Set: 1.69ms
[2025-02-06T12:40:46.820+0530][gc,phases   ] GC(12)   Merge Heap Roots: 0.36ms
[2025-02-06T12:40:46.820+0530][gc,phases   ] GC(12)   Evacuate Collection Set: 10.68ms
[2025-02-06T12:40:46.820+0530][gc,phases   ] GC(12)   Post Evacuate Collection Set: 0.84ms
[2025-02-06T12:40:46.820+0530][gc,phases   ] GC(12)   Other: 0.44ms
[2025-02-06T12:40:46.820+0530][gc,heap     ] GC(12) Eden regions: 48->0(47)
[2025-02-06T12:40:46.820+0530][gc,heap     ] GC(12) Survivor regions: 3->4(7)
[2025-02-06T12:40:46.820+0530][gc,heap     ] GC(12) Old regions: 20->20
[2025-02-06T12:40:46.820+0530][gc,heap     ] GC(12) Humongous regions: 129->129
[2025-02-06T12:40:46.820+0530][gc,metaspace] GC(12) Metaspace: 43670K(44288K)->43670K(44288K) NonClass: 38423K(38784K)->38423K(38784K) Class: 5246K(5504K)->5246K(5504K)
[2025-02-06T12:40:46.820+0530][gc          ] GC(12) Pause Young (Normal) (G1 Evacuation Pause) 199M->151M(1024M) 15.997ms
[2025-02-06T12:40:46.820+0530][gc,cpu      ] GC(12) User=0.02s Sys=0.02s Real=0.02s
[2025-02-06T12:51:36.402+0530][gc,start    ] GC(13) Pause Young (Normal) (G1 Evacuation Pause)
[2025-02-06T12:51:36.404+0530][gc,task     ] GC(13) Using 8 workers of 8 for evacuation
[2025-02-06T12:51:36.420+0530][gc,phases   ] GC(13)   Pre Evacuate Collection Set: 1.89ms
[2025-02-06T12:51:36.420+0530][gc,phases   ] GC(13)   Merge Heap Roots: 0.36ms
[2025-02-06T12:51:36.420+0530][gc,phases   ] GC(13)   Evacuate Collection Set: 11.60ms
[2025-02-06T12:51:36.420+0530][gc,phases   ] GC(13)   Post Evacuate Collection Set: 0.94ms
[2025-02-06T12:51:36.420+0530][gc,phases   ] GC(13)   Other: 1.06ms
[2025-02-06T12:51:36.420+0530][gc,heap     ] GC(13) Eden regions: 47->0(47)
[2025-02-06T12:51:36.420+0530][gc,heap     ] GC(13) Survivor regions: 4->4(7)
[2025-02-06T12:51:36.420+0530][gc,heap     ] GC(13) Old regions: 20->20
[2025-02-06T12:51:36.420+0530][gc,heap     ] GC(13) Humongous regions: 129->129
[2025-02-06T12:51:36.420+0530][gc,metaspace] GC(13) Metaspace: 43690K(44288K)->43690K(44288K) NonClass: 38444K(38784K)->38444K(38784K) Class: 5246K(5504K)->5246K(5504K)
[2025-02-06T12:51:36.420+0530][gc          ] GC(13) Pause Young (Normal) (G1 Evacuation Pause) 198M->151M(1024M) 17.957ms
[2025-02-06T12:51:36.420+0530][gc,cpu      ] GC(13) User=0.03s Sys=0.02s Real=0.02s
[2025-02-06T13:02:22.689+0530][gc,start    ] GC(14) Pause Young (Normal) (G1 Evacuation Pause)
[2025-02-06T13:02:22.691+0530][gc,task     ] GC(14) Using 8 workers of 8 for evacuation
[2025-02-06T13:02:22.720+0530][gc,mmu      ] GC(14) MMU target violated: 21.0ms (20.0ms/21.0ms)
[2025-02-06T13:02:22.721+0530][gc,phases   ] GC(14)   Pre Evacuate Collection Set: 2.00ms
[2025-02-06T13:02:22.721+0530][gc,phases   ] GC(14)   Merge Heap Roots: 0.31ms
[2025-02-06T13:02:22.721+0530][gc,phases   ] GC(14)   Evacuate Collection Set: 25.38ms
[2025-02-06T13:02:22.721+0530][gc,phases   ] GC(14)   Post Evacuate Collection Set: 0.74ms
[2025-02-06T13:02:22.721+0530][gc,phases   ] GC(14)   Other: 0.58ms
[2025-02-06T13:02:22.721+0530][gc,heap     ] GC(14) Eden regions: 47->0(47)
[2025-02-06T13:02:22.721+0530][gc,heap     ] GC(14) Survivor regions: 4->4(7)
[2025-02-06T13:02:22.721+0530][gc,heap     ] GC(14) Old regions: 20->20
[2025-02-06T13:02:22.721+0530][gc,heap     ] GC(14) Humongous regions: 129->129
[2025-02-06T13:02:22.721+0530][gc,metaspace] GC(14) Metaspace: 43707K(44288K)->43707K(44288K) NonClass: 38461K(38784K)->38461K(38784K) Class: 5246K(5504K)->5246K(5504K)
[2025-02-06T13:02:22.721+0530][gc          ] GC(14) Pause Young (Normal) (G1 Evacuation Pause) 198M->152M(1024M) 31.532ms
[2025-02-06T13:02:22.721+0530][gc,cpu      ] GC(14) User=0.02s Sys=0.05s Real=0.04s
[2025-02-06T13:13:04.847+0530][gc,start    ] GC(15) Pause Young (Normal) (G1 Evacuation Pause)
[2025-02-06T13:13:04.848+0530][gc,task     ] GC(15) Using 8 workers of 8 for evacuation
[2025-02-06T13:13:04.859+0530][gc,phases   ] GC(15)   Pre Evacuate Collection Set: 1.26ms
[2025-02-06T13:13:04.859+0530][gc,phases   ] GC(15)   Merge Heap Roots: 0.19ms
[2025-02-06T13:13:04.859+0530][gc,phases   ] GC(15)   Evacuate Collection Set: 8.52ms
[2025-02-06T13:13:04.859+0530][gc,phases   ] GC(15)   Post Evacuate Collection Set: 0.53ms
[2025-02-06T13:13:04.859+0530][gc,phases   ] GC(15)   Other: 0.45ms
[2025-02-06T13:13:04.859+0530][gc,heap     ] GC(15) Eden regions: 47->0(87)
[2025-02-06T13:13:04.859+0530][gc,heap     ] GC(15) Survivor regions: 4->3(7)
[2025-02-06T13:13:04.859+0530][gc,heap     ] GC(15) Old regions: 20->20
[2025-02-06T13:13:04.859+0530][gc,heap     ] GC(15) Humongous regions: 129->129
[2025-02-06T13:13:04.860+0530][gc,metaspace] GC(15) Metaspace: 43718K(44288K)->43718K(44288K) NonClass: 38472K(38784K)->38472K(38784K) Class: 5246K(5504K)->5246K(5504K)
[2025-02-06T13:13:04.860+0530][gc          ] GC(15) Pause Young (Normal) (G1 Evacuation Pause) 199M->151M(1024M) 14.951ms
[2025-02-06T13:13:04.860+0530][gc,cpu      ] GC(15) User=0.01s Sys=0.01s Real=0.02s
[2025-02-06T13:37:50.621+0530][gc,start    ] GC(16) Pause Young (Normal) (G1 Evacuation Pause)
[2025-02-06T13:37:50.623+0530][gc,task     ] GC(16) Using 8 workers of 8 for evacuation
[2025-02-06T13:37:50.654+0530][gc,mmu      ] GC(16) MMU target violated: 21.0ms (20.0ms/21.0ms)
[2025-02-06T13:37:50.654+0530][gc,phases   ] GC(16)   Pre Evacuate Collection Set: 2.39ms
[2025-02-06T13:37:50.654+0530][gc,phases   ] GC(16)   Merge Heap Roots: 1.82ms
[2025-02-06T13:37:50.654+0530][gc,phases   ] GC(16)   Evacuate Collection Set: 24.68ms
[2025-02-06T13:37:50.654+0530][gc,phases   ] GC(16)   Post Evacuate Collection Set: 1.23ms
[2025-02-06T13:37:50.655+0530][gc,phases   ] GC(16)   Other: 0.80ms
[2025-02-06T13:37:50.655+0530][gc,heap     ] GC(16) Eden regions: 111->0(52)
[2025-02-06T13:37:50.655+0530][gc,heap     ] GC(16) Survivor regions: 3->3(15)
[2025-02-06T13:37:50.655+0530][gc,heap     ] GC(16) Old regions: 20->20
[2025-02-06T13:37:50.655+0530][gc,heap     ] GC(16) Humongous regions: 129->129
[2025-02-06T13:37:50.655+0530][gc,metaspace] GC(16) Metaspace: 43735K(44352K)->43735K(44352K) NonClass: 38488K(38848K)->38488K(38848K) Class: 5246K(5504K)->5246K(5504K)
[2025-02-06T13:37:50.655+0530][gc          ] GC(16) Pause Young (Normal) (G1 Evacuation Pause) 262M->151M(1024M) 33.484ms
[2025-02-06T13:37:50.655+0530][gc,cpu      ] GC(16) User=0.02s Sys=0.07s Real=0.03s
[2025-02-06T13:49:56.502+0530][gc,start    ] GC(17) Pause Young (Normal) (G1 Evacuation Pause)
[2025-02-06T13:49:56.503+0530][gc,task     ] GC(17) Using 8 workers of 8 for evacuation
[2025-02-06T13:49:56.519+0530][gc,phases   ] GC(17)   Pre Evacuate Collection Set: 2.03ms
[2025-02-06T13:49:56.519+0530][gc,phases   ] GC(17)   Merge Heap Roots: 0.42ms
[2025-02-06T13:49:56.519+0530][gc,phases   ] GC(17)   Evacuate Collection Set: 10.90ms
[2025-02-06T13:49:56.519+0530][gc,phases   ] GC(17)   Post Evacuate Collection Set: 0.77ms
[2025-02-06T13:49:56.519+0530][gc,phases   ] GC(17)   Other: 0.50ms
[2025-02-06T13:49:56.519+0530][gc,heap     ] GC(17) Eden regions: 53->0(55)
[2025-02-06T13:49:56.519+0530][gc,heap     ] GC(17) Survivor regions: 3->3(7)
[2025-02-06T13:49:56.519+0530][gc,heap     ] GC(17) Old regions: 20->20
[2025-02-06T13:49:56.519+0530][gc,heap     ] GC(17) Humongous regions: 129->129
[2025-02-06T13:49:56.519+0530][gc,metaspace] GC(17) Metaspace: 43738K(44352K)->43738K(44352K) NonClass: 38492K(38848K)->38492K(38848K) Class: 5246K(5504K)->5246K(5504K)
[2025-02-06T13:49:56.519+0530][gc          ] GC(17) Pause Young (Normal) (G1 Evacuation Pause) 204M->151M(1024M) 19.322ms
[2025-02-06T13:49:56.519+0530][gc,cpu      ] GC(17) User=0.02s Sys=0.02s Real=0.01s
[2025-02-06T14:55:15.885+0530][gc,start    ] GC(18) Pause Young (Normal) (G1 Evacuation Pause)
[2025-02-06T14:55:15.887+0530][gc,task     ] GC(18) Using 8 workers of 8 for evacuation
[2025-02-06T14:55:15.910+0530][gc,mmu      ] GC(18) MMU target violated: 21.0ms (20.0ms/21.0ms)
[2025-02-06T14:55:15.912+0530][gc,phases   ] GC(18)   Pre Evacuate Collection Set: 2.21ms
[2025-02-06T14:55:15.912+0530][gc,phases   ] GC(18)   Merge Heap Roots: 0.29ms
[2025-02-06T14:55:15.912+0530][gc,phases   ] GC(18)   Evacuate Collection Set: 19.59ms
[2025-02-06T14:55:15.912+0530][gc,phases   ] GC(18)   Post Evacuate Collection Set: 0.89ms
[2025-02-06T14:55:15.912+0530][gc,phases   ] GC(18)   Other: 0.99ms
[2025-02-06T14:55:15.912+0530][gc,heap     ] GC(18) Eden regions: 57->0(48)
[2025-02-06T14:55:15.912+0530][gc,heap     ] GC(18) Survivor regions: 3->3(8)
[2025-02-06T14:55:15.912+0530][gc,heap     ] GC(18) Old regions: 20->20
[2025-02-06T14:55:15.912+0530][gc,heap     ] GC(18) Humongous regions: 129->129
[2025-02-06T14:55:15.912+0530][gc,metaspace] GC(18) Metaspace: 43760K(44352K)->43760K(44352K) NonClass: 38514K(38848K)->38514K(38848K) Class: 5246K(5504K)->5246K(5504K)
[2025-02-06T14:55:15.912+0530][gc          ] GC(18) Pause Young (Normal) (G1 Evacuation Pause) 208M->151M(1024M) 28.508ms
[2025-02-06T14:55:15.912+0530][gc,cpu      ] GC(18) User=0.02s Sys=0.02s Real=0.03s
[2025-02-06T15:06:08.471+0530][gc,start    ] GC(19) Pause Young (Normal) (G1 Evacuation Pause)
[2025-02-06T15:06:08.474+0530][gc,task     ] GC(19) Using 8 workers of 8 for evacuation
[2025-02-06T15:06:08.492+0530][gc,phases   ] GC(19)   Pre Evacuate Collection Set: 2.41ms
[2025-02-06T15:06:08.492+0530][gc,phases   ] GC(19)   Merge Heap Roots: 0.80ms
[2025-02-06T15:06:08.492+0530][gc,phases   ] GC(19)   Evacuate Collection Set: 13.29ms
[2025-02-06T15:06:08.492+0530][gc,phases   ] GC(19)   Post Evacuate Collection Set: 0.97ms
[2025-02-06T15:06:08.492+0530][gc,phases   ] GC(19)   Other: 1.98ms
[2025-02-06T15:06:08.492+0530][gc,heap     ] GC(19) Eden regions: 48->0(47)
[2025-02-06T15:06:08.492+0530][gc,heap     ] GC(19) Survivor regions: 3->4(7)
[2025-02-06T15:06:08.492+0530][gc,heap     ] GC(19) Old regions: 20->20
[2025-02-06T15:06:08.492+0530][gc,heap     ] GC(19) Humongous regions: 129->129
[2025-02-06T15:06:08.493+0530][gc,metaspace] GC(19) Metaspace: 43765K(44416K)->43765K(44416K) NonClass: 38519K(38912K)->38519K(38912K) Class: 5246K(5504K)->5246K(5504K)
[2025-02-06T15:06:08.493+0530][gc          ] GC(19) Pause Young (Normal) (G1 Evacuation Pause) 199M->151M(1024M) 22.977ms
[2025-02-06T15:06:08.493+0530][gc,cpu      ] GC(19) User=0.02s Sys=0.02s Real=0.02s
[2025-02-06T15:16:12.514+0530][gc,start    ] GC(20) Pause Young (Normal) (G1 Evacuation Pause)
[2025-02-06T15:16:12.516+0530][gc,task     ] GC(20) Using 8 workers of 8 for evacuation
[2025-02-06T15:16:12.536+0530][gc,mmu      ] GC(20) MMU target violated: 20.7ms (20.0ms/21.0ms)
[2025-02-06T15:16:12.537+0530][gc,phases   ] GC(20)   Pre Evacuate Collection Set: 1.59ms
[2025-02-06T15:16:12.537+0530][gc,phases   ] GC(20)   Merge Heap Roots: 4.66ms
[2025-02-06T15:16:12.538+0530][gc,phases   ] GC(20)   Evacuate Collection Set: 8.10ms
[2025-02-06T15:16:12.538+0530][gc,phases   ] GC(20)   Post Evacuate Collection Set: 5.95ms
[2025-02-06T15:16:12.538+0530][gc,phases   ] GC(20)   Other: 0.73ms
[2025-02-06T15:16:12.538+0530][gc,heap     ] GC(20) Eden regions: 47->0(48)
[2025-02-06T15:16:12.538+0530][gc,heap     ] GC(20) Survivor regions: 4->3(7)
[2025-02-06T15:16:12.538+0530][gc,heap     ] GC(20) Old regions: 20->20
[2025-02-06T15:16:12.538+0530][gc,heap     ] GC(20) Humongous regions: 129->129
[2025-02-06T15:16:12.538+0530][gc,metaspace] GC(20) Metaspace: 43767K(44416K)->43767K(44416K) NonClass: 38521K(38912K)->38521K(38912K) Class: 5246K(5504K)->5246K(5504K)
[2025-02-06T15:16:12.538+0530][gc          ] GC(20) Pause Young (Normal) (G1 Evacuation Pause) 198M->151M(1024M) 25.752ms
[2025-02-06T15:16:12.538+0530][gc,cpu      ] GC(20) User=0.01s Sys=0.02s Real=0.02s
[2025-02-06T15:27:03.710+0530][gc,start    ] GC(21) Pause Young (Normal) (G1 Evacuation Pause)
[2025-02-06T15:27:03.712+0530][gc,task     ] GC(21) Using 8 workers of 8 for evacuation
[2025-02-06T15:27:03.735+0530][gc,mmu      ] GC(21) MMU target violated: 21.0ms (20.0ms/21.0ms)
[2025-02-06T15:27:03.735+0530][gc,phases   ] GC(21)   Pre Evacuate Collection Set: 2.04ms
[2025-02-06T15:27:03.735+0530][gc,phases   ] GC(21)   Merge Heap Roots: 0.27ms
[2025-02-06T15:27:03.735+0530][gc,phases   ] GC(21)   Evacuate Collection Set: 19.56ms
[2025-02-06T15:27:03.735+0530][gc,phases   ] GC(21)   Post Evacuate Collection Set: 0.63ms
[2025-02-06T15:27:03.735+0530][gc,phases   ] GC(21)   Other: 0.52ms
[2025-02-06T15:27:03.735+0530][gc,heap     ] GC(21) Eden regions: 48->0(47)
[2025-02-06T15:27:03.735+0530][gc,heap     ] GC(21) Survivor regions: 3->4(7)
[2025-02-06T15:27:03.735+0530][gc,heap     ] GC(21) Old regions: 20->20
[2025-02-06T15:27:03.735+0530][gc,heap     ] GC(21) Humongous regions: 129->129
[2025-02-06T15:27:03.735+0530][gc,metaspace] GC(21) Metaspace: 43768K(44416K)->43768K(44416K) NonClass: 38522K(38912K)->38522K(38912K) Class: 5246K(5504K)->5246K(5504K)
[2025-02-06T15:27:03.735+0530][gc          ] GC(21) Pause Young (Normal) (G1 Evacuation Pause) 199M->151M(1024M) 24.936ms
[2025-02-06T15:27:03.735+0530][gc,cpu      ] GC(21) User=0.02s Sys=0.03s Real=0.02s
[2025-02-06T15:37:45.430+0530][gc,start    ] GC(22) Pause Young (Normal) (G1 Evacuation Pause)
[2025-02-06T15:37:45.433+0530][gc,task     ] GC(22) Using 8 workers of 8 for evacuation
[2025-02-06T15:37:45.444+0530][gc,phases   ] GC(22)   Pre Evacuate Collection Set: 1.27ms
[2025-02-06T15:37:45.444+0530][gc,phases   ] GC(22)   Merge Heap Roots: 0.48ms
[2025-02-06T15:37:45.444+0530][gc,phases   ] GC(22)   Evacuate Collection Set: 6.25ms
[2025-02-06T15:37:45.444+0530][gc,phases   ] GC(22)   Post Evacuate Collection Set: 1.49ms
[2025-02-06T15:37:45.444+0530][gc,phases   ] GC(22)   Other: 1.62ms
[2025-02-06T15:37:45.444+0530][gc,heap     ] GC(22) Eden regions: 47->0(54)
[2025-02-06T15:37:45.444+0530][gc,heap     ] GC(22) Survivor regions: 4->3(7)
[2025-02-06T15:37:45.444+0530][gc,heap     ] GC(22) Old regions: 20->20
[2025-02-06T15:37:45.444+0530][gc,heap     ] GC(22) Humongous regions: 129->129
[2025-02-06T15:37:45.445+0530][gc,metaspace] GC(22) Metaspace: 43773K(44416K)->43773K(44416K) NonClass: 38527K(38912K)->38527K(38912K) Class: 5246K(5504K)->5246K(5504K)
[2025-02-06T15:37:45.445+0530][gc          ] GC(22) Pause Young (Normal) (G1 Evacuation Pause) 198M->151M(1024M) 15.522ms
[2025-02-06T15:37:45.445+0530][gc,cpu      ] GC(22) User=0.01s Sys=0.02s Real=0.02s
[2025-02-06T15:50:53.579+0530][gc,start    ] GC(23) Pause Young (Normal) (G1 Evacuation Pause)
[2025-02-06T15:50:53.580+0530][gc,task     ] GC(23) Using 8 workers of 8 for evacuation
[2025-02-06T15:50:53.594+0530][gc,phases   ] GC(23)   Pre Evacuate Collection Set: 1.07ms
[2025-02-06T15:50:53.594+0530][gc,phases   ] GC(23)   Merge Heap Roots: 0.18ms
[2025-02-06T15:50:53.594+0530][gc,phases   ] GC(23)   Evacuate Collection Set: 8.14ms
[2025-02-06T15:50:53.594+0530][gc,phases   ] GC(23)   Post Evacuate Collection Set: 1.35ms
[2025-02-06T15:50:53.594+0530][gc,phases   ] GC(23)   Other: 0.31ms
[2025-02-06T15:50:53.594+0530][gc,heap     ] GC(23) Eden regions: 56->0(65)
[2025-02-06T15:50:53.594+0530][gc,heap     ] GC(23) Survivor regions: 3->3(8)
[2025-02-06T15:50:53.594+0530][gc,heap     ] GC(23) Old regions: 20->20
[2025-02-06T15:50:53.594+0530][gc,heap     ] GC(23) Humongous regions: 129->129
[2025-02-06T15:50:53.594+0530][gc,metaspace] GC(23) Metaspace: 43780K(44416K)->43780K(44416K) NonClass: 38534K(38912K)->38534K(38912K) Class: 5246K(5504K)->5246K(5504K)
[2025-02-06T15:50:53.594+0530][gc          ] GC(23) Pause Young (Normal) (G1 Evacuation Pause) 207M->151M(1024M) 16.199ms
[2025-02-06T15:50:53.595+0530][gc,cpu      ] GC(23) User=0.02s Sys=0.02s Real=0.02s
[2025-02-06T16:06:10.995+0530][gc,start    ] GC(24) Pause Young (Normal) (G1 Evacuation Pause)
[2025-02-06T16:06:10.999+0530][gc,task     ] GC(24) Using 8 workers of 8 for evacuation
[2025-02-06T16:06:11.017+0530][gc,phases   ] GC(24)   Pre Evacuate Collection Set: 2.07ms
[2025-02-06T16:06:11.017+0530][gc,phases   ] GC(24)   Merge Heap Roots: 0.26ms
[2025-02-06T16:06:11.017+0530][gc,phases   ] GC(24)   Evacuate Collection Set: 14.05ms
[2025-02-06T16:06:11.017+0530][gc,phases   ] GC(24)   Post Evacuate Collection Set: 0.67ms
[2025-02-06T16:06:11.017+0530][gc,phases   ] GC(24)   Other: 1.10ms
[2025-02-06T16:06:11.017+0530][gc,heap     ] GC(24) Eden regions: 67->0(77)
[2025-02-06T16:06:11.017+0530][gc,heap     ] GC(24) Survivor regions: 3->3(9)
[2025-02-06T16:06:11.017+0530][gc,heap     ] GC(24) Old regions: 20->20
[2025-02-06T16:06:11.017+0530][gc,heap     ] GC(24) Humongous regions: 129->129
[2025-02-06T16:06:11.017+0530][gc,metaspace] GC(24) Metaspace: 43781K(44416K)->43781K(44416K) NonClass: 38535K(38912K)->38535K(38912K) Class: 5246K(5504K)->5246K(5504K)
[2025-02-06T16:06:11.017+0530][gc          ] GC(24) Pause Young (Normal) (G1 Evacuation Pause) 218M->150M(1024M) 22.396ms
[2025-02-06T16:06:11.017+0530][gc,cpu      ] GC(24) User=0.02s Sys=0.03s Real=0.02s
[2025-02-06T16:23:38.774+0530][gc,start    ] GC(25) Pause Young (Normal) (G1 Evacuation Pause)
[2025-02-06T16:23:38.775+0530][gc,task     ] GC(25) Using 8 workers of 8 for evacuation
[2025-02-06T16:23:38.791+0530][gc,phases   ] GC(25)   Pre Evacuate Collection Set: 6.89ms
[2025-02-06T16:23:38.791+0530][gc,phases   ] GC(25)   Merge Heap Roots: 0.23ms
[2025-02-06T16:23:38.791+0530][gc,phases   ] GC(25)   Evacuate Collection Set: 7.14ms
[2025-02-06T16:23:38.791+0530][gc,phases   ] GC(25)   Post Evacuate Collection Set: 0.54ms
[2025-02-06T16:23:38.791+0530][gc,phases   ] GC(25)   Other: 0.80ms
[2025-02-06T16:23:38.791+0530][gc,heap     ] GC(25) Eden regions: 79->0(79)
[2025-02-06T16:23:38.791+0530][gc,heap     ] GC(25) Survivor regions: 3->3(11)
[2025-02-06T16:23:38.791+0530][gc,heap     ] GC(25) Old regions: 20->20
[2025-02-06T16:23:38.791+0530][gc,heap     ] GC(25) Humongous regions: 129->129
[2025-02-06T16:23:38.791+0530][gc,metaspace] GC(25) Metaspace: 43787K(44416K)->43787K(44416K) NonClass: 38540K(38912K)->38540K(38912K) Class: 5246K(5504K)->5246K(5504K)
[2025-02-06T16:23:38.791+0530][gc          ] GC(25) Pause Young (Normal) (G1 Evacuation Pause) 229M->151M(1024M) 17.223ms
[2025-02-06T16:23:38.791+0530][gc,cpu      ] GC(25) User=0.01s Sys=0.02s Real=0.02s
[2025-02-06T16:42:58.257+0530][gc,start    ] GC(26) Pause Young (Normal) (G1 Evacuation Pause)
[2025-02-06T16:42:58.258+0530][gc,task     ] GC(26) Using 8 workers of 8 for evacuation
[2025-02-06T16:42:58.274+0530][gc,phases   ] GC(26)   Pre Evacuate Collection Set: 1.61ms
[2025-02-06T16:42:58.274+0530][gc,phases   ] GC(26)   Merge Heap Roots: 0.41ms
[2025-02-06T16:42:58.274+0530][gc,phases   ] GC(26)   Evacuate Collection Set: 12.32ms
[2025-02-06T16:42:58.274+0530][gc,phases   ] GC(26)   Post Evacuate Collection Set: 0.98ms
[2025-02-06T16:42:58.274+0530][gc,phases   ] GC(26)   Other: 0.65ms
[2025-02-06T16:42:58.275+0530][gc,heap     ] GC(26) Eden regions: 83->0(80)
[2025-02-06T16:42:58.275+0530][gc,heap     ] GC(26) Survivor regions: 3->4(11)
[2025-02-06T16:42:58.275+0530][gc,heap     ] GC(26) Old regions: 20->20
[2025-02-06T16:42:58.275+0530][gc,heap     ] GC(26) Humongous regions: 129->129
[2025-02-06T16:42:58.275+0530][gc,metaspace] GC(26) Metaspace: 43800K(44416K)->43800K(44416K) NonClass: 38554K(38912K)->38554K(38912K) Class: 5246K(5504K)->5246K(5504K)
[2025-02-06T16:42:58.275+0530][gc          ] GC(26) Pause Young (Normal) (G1 Evacuation Pause) 234M->151M(1024M) 19.346ms
[2025-02-06T16:42:58.275+0530][gc,cpu      ] GC(26) User=0.02s Sys=0.02s Real=0.02s
[2025-02-06T17:03:21.415+0530][gc,start    ] GC(27) Pause Young (Normal) (G1 Evacuation Pause)
[2025-02-06T17:03:21.418+0530][gc,task     ] GC(27) Using 8 workers of 8 for evacuation
[2025-02-06T17:03:21.436+0530][gc,phases   ] GC(27)   Pre Evacuate Collection Set: 1.99ms
[2025-02-06T17:03:21.436+0530][gc,phases   ] GC(27)   Merge Heap Roots: 0.48ms
[2025-02-06T17:03:21.436+0530][gc,phases   ] GC(27)   Evacuate Collection Set: 13.16ms
[2025-02-06T17:03:21.436+0530][gc,phases   ] GC(27)   Post Evacuate Collection Set: 1.05ms
[2025-02-06T17:03:21.436+0530][gc,phases   ] GC(27)   Other: 2.23ms
[2025-02-06T17:03:21.436+0530][gc,heap     ] GC(27) Eden regions: 87->0(96)
[2025-02-06T17:03:21.436+0530][gc,heap     ] GC(27) Survivor regions: 4->3(12)
[2025-02-06T17:03:21.436+0530][gc,heap     ] GC(27) Old regions: 20->20
[2025-02-06T17:03:21.436+0530][gc,heap     ] GC(27) Humongous regions: 129->129
[2025-02-06T17:03:21.437+0530][gc,metaspace] GC(27) Metaspace: 43800K(44416K)->43800K(44416K) NonClass: 38554K(38912K)->38554K(38912K) Class: 5246K(5504K)->5246K(5504K)
[2025-02-06T17:03:21.437+0530][gc          ] GC(27) Pause Young (Normal) (G1 Evacuation Pause) 238M->151M(1024M) 23.013ms
[2025-02-06T17:03:21.437+0530][gc,cpu      ] GC(27) User=0.01s Sys=0.02s Real=0.02s
[2025-02-06T17:26:45.644+0530][gc,start    ] GC(28) Pause Young (Normal) (G1 Evacuation Pause)
[2025-02-06T17:26:45.646+0530][gc,task     ] GC(28) Using 8 workers of 8 for evacuation
[2025-02-06T17:26:45.660+0530][gc,phases   ] GC(28)   Pre Evacuate Collection Set: 2.02ms
[2025-02-06T17:26:45.660+0530][gc,phases   ] GC(28)   Merge Heap Roots: 0.34ms
[2025-02-06T17:26:45.660+0530][gc,phases   ] GC(28)   Evacuate Collection Set: 10.49ms
[2025-02-06T17:26:45.660+0530][gc,phases   ] GC(28)   Post Evacuate Collection Set: 0.59ms
[2025-02-06T17:26:45.660+0530][gc,phases   ] GC(28)   Other: 0.43ms
[2025-02-06T17:26:45.660+0530][gc,heap     ] GC(28) Eden regions: 103->0(94)
[2025-02-06T17:26:45.660+0530][gc,heap     ] GC(28) Survivor regions: 3->3(14)
[2025-02-06T17:26:45.660+0530][gc,heap     ] GC(28) Old regions: 20->20
[2025-02-06T17:26:45.660+0530][gc,heap     ] GC(28) Humongous regions: 129->129
[2025-02-06T17:26:45.661+0530][gc,metaspace] GC(28) Metaspace: 43820K(44416K)->43820K(44416K) NonClass: 38573K(38912K)->38573K(38912K) Class: 5246K(5504K)->5246K(5504K)
[2025-02-06T17:26:45.661+0530][gc          ] GC(28) Pause Young (Normal) (G1 Evacuation Pause) 254M->151M(1024M) 17.846ms
[2025-02-06T17:26:45.661+0530][gc,cpu      ] GC(28) User=0.02s Sys=0.02s Real=0.02s
[2025-02-06T18:19:30.140+0530][gc,start    ] GC(29) Pause Young (Normal) (G1 Evacuation Pause)
[2025-02-06T18:19:30.142+0530][gc,task     ] GC(29) Using 8 workers of 8 for evacuation
[2025-02-06T18:19:30.162+0530][gc,phases   ] GC(29)   Pre Evacuate Collection Set: 1.59ms
[2025-02-06T18:19:30.162+0530][gc,phases   ] GC(29)   Merge Heap Roots: 0.28ms
[2025-02-06T18:19:30.162+0530][gc,phases   ] GC(29)   Evacuate Collection Set: 14.73ms
[2025-02-06T18:19:30.162+0530][gc,phases   ] GC(29)   Post Evacuate Collection Set: 2.23ms
[2025-02-06T18:19:30.162+0530][gc,phases   ] GC(29)   Other: 0.72ms
[2025-02-06T18:19:30.162+0530][gc,heap     ] GC(29) Eden regions: 101->0(80)
[2025-02-06T18:19:30.162+0530][gc,heap     ] GC(29) Survivor regions: 3->4(13)
[2025-02-06T18:19:30.162+0530][gc,heap     ] GC(29) Old regions: 20->20
[2025-02-06T18:19:30.162+0530][gc,heap     ] GC(29) Humongous regions: 129->129
[2025-02-06T18:19:30.163+0530][gc,metaspace] GC(29) Metaspace: 43822K(44416K)->43822K(44416K) NonClass: 38576K(38912K)->38576K(38912K) Class: 5246K(5504K)->5246K(5504K)
[2025-02-06T18:19:30.163+0530][gc          ] GC(29) Pause Young (Normal) (G1 Evacuation Pause) 252M->151M(1024M) 24.793ms
[2025-02-06T18:19:30.163+0530][gc,cpu      ] GC(29) User=0.02s Sys=0.04s Real=0.03s
[2025-02-06T18:39:23.009+0530][gc,start    ] GC(30) Pause Young (Normal) (G1 Evacuation Pause)
[2025-02-06T18:39:23.010+0530][gc,task     ] GC(30) Using 8 workers of 8 for evacuation
[2025-02-06T18:39:23.026+0530][gc,phases   ] GC(30)   Pre Evacuate Collection Set: 1.01ms
[2025-02-06T18:39:23.026+0530][gc,phases   ] GC(30)   Merge Heap Roots: 0.18ms
[2025-02-06T18:39:23.026+0530][gc,phases   ] GC(30)   Evacuate Collection Set: 12.77ms
[2025-02-06T18:39:23.026+0530][gc,phases   ] GC(30)   Post Evacuate Collection Set: 1.01ms
[2025-02-06T18:39:23.026+0530][gc,phases   ] GC(30)   Other: 0.97ms
[2025-02-06T18:39:23.026+0530][gc,heap     ] GC(30) Eden regions: 86->0(100)
[2025-02-06T18:39:23.026+0530][gc,heap     ] GC(30) Survivor regions: 4->3(12)
[2025-02-06T18:39:23.026+0530][gc,heap     ] GC(30) Old regions: 20->20
[2025-02-06T18:39:23.026+0530][gc,heap     ] GC(30) Humongous regions: 129->129
[2025-02-06T18:39:23.026+0530][gc,metaspace] GC(30) Metaspace: 43823K(44416K)->43823K(44416K) NonClass: 38577K(38912K)->38577K(38912K) Class: 5246K(5504K)->5246K(5504K)
[2025-02-06T18:39:23.026+0530][gc          ] GC(30) Pause Young (Normal) (G1 Evacuation Pause) 237M->151M(1024M) 16.850ms
[2025-02-06T18:39:23.026+0530][gc,cpu      ] GC(30) User=0.01s Sys=0.02s Real=0.02s
[2025-02-06T19:02:28.289+0530][gc,start    ] GC(31) Pause Young (Normal) (G1 Evacuation Pause)
[2025-02-06T19:02:28.291+0530][gc,task     ] GC(31) Using 8 workers of 8 for evacuation
[2025-02-06T19:02:28.311+0530][gc,phases   ] GC(31)   Pre Evacuate Collection Set: 1.85ms
[2025-02-06T19:02:28.311+0530][gc,phases   ] GC(31)   Merge Heap Roots: 0.29ms
[2025-02-06T19:02:28.311+0530][gc,phases   ] GC(31)   Evacuate Collection Set: 16.37ms
[2025-02-06T19:02:28.311+0530][gc,phases   ] GC(31)   Post Evacuate Collection Set: 0.89ms
[2025-02-06T19:02:28.311+0530][gc,phases   ] GC(31)   Other: 0.47ms
[2025-02-06T19:02:28.311+0530][gc,heap     ] GC(31) Eden regions: 103->0(52)
[2025-02-06T19:02:28.311+0530][gc,heap     ] GC(31) Survivor regions: 3->3(14)
[2025-02-06T19:02:28.311+0530][gc,heap     ] GC(31) Old regions: 20->20
[2025-02-06T19:02:28.311+0530][gc,heap     ] GC(31) Humongous regions: 129->129
[2025-02-06T19:02:28.311+0530][gc,metaspace] GC(31) Metaspace: 43828K(44480K)->43828K(44480K) NonClass: 38581K(38976K)->38581K(38976K) Class: 5246K(5504K)->5246K(5504K)
[2025-02-06T19:02:28.311+0530][gc          ] GC(31) Pause Young (Normal) (G1 Evacuation Pause) 254M->150M(1024M) 23.121ms
[2025-02-06T19:02:28.311+0530][gc,cpu      ] GC(31) User=0.01s Sys=0.04s Real=0.03s
[2025-02-06T19:15:24.603+0530][gc,start    ] GC(32) Pause Young (Normal) (G1 Evacuation Pause)
[2025-02-06T19:15:24.611+0530][gc,task     ] GC(32) Using 8 workers of 8 for evacuation
[2025-02-06T19:15:24.627+0530][gc,phases   ] GC(32)   Pre Evacuate Collection Set: 5.80ms
[2025-02-06T19:15:24.627+0530][gc,phases   ] GC(32)   Merge Heap Roots: 0.51ms
[2025-02-06T19:15:24.627+0530][gc,phases   ] GC(32)   Evacuate Collection Set: 6.72ms
[2025-02-06T19:15:24.627+0530][gc,phases   ] GC(32)   Post Evacuate Collection Set: 1.08ms
[2025-02-06T19:15:24.627+0530][gc,phases   ] GC(32)   Other: 4.42ms
[2025-02-06T19:15:24.627+0530][gc,heap     ] GC(32) Eden regions: 56->0(56)
[2025-02-06T19:15:24.627+0530][gc,heap     ] GC(32) Survivor regions: 3->3(8)
[2025-02-06T19:15:24.627+0530][gc,heap     ] GC(32) Old regions: 20->20
[2025-02-06T19:15:24.627+0530][gc,heap     ] GC(32) Humongous regions: 129->129
[2025-02-06T19:15:24.627+0530][gc,metaspace] GC(32) Metaspace: 43834K(44480K)->43834K(44480K) NonClass: 38588K(38976K)->38588K(38976K) Class: 5246K(5504K)->5246K(5504K)
[2025-02-06T19:15:24.627+0530][gc          ] GC(32) Pause Young (Normal) (G1 Evacuation Pause) 206M->151M(1024M) 26.117ms
[2025-02-06T19:15:24.627+0530][gc,cpu      ] GC(32) User=0.01s Sys=0.03s Real=0.02s
[2025-02-06T19:57:42.829+0530][gc,start    ] GC(33) Pause Young (Normal) (G1 Evacuation Pause)
[2025-02-06T19:57:42.830+0530][gc,task     ] GC(33) Using 8 workers of 8 for evacuation
[2025-02-06T19:57:42.844+0530][gc,phases   ] GC(33)   Pre Evacuate Collection Set: 2.20ms
[2025-02-06T19:57:42.844+0530][gc,phases   ] GC(33)   Merge Heap Roots: 0.63ms
[2025-02-06T19:57:42.844+0530][gc,phases   ] GC(33)   Evacuate Collection Set: 9.18ms
[2025-02-06T19:57:42.844+0530][gc,phases   ] GC(33)   Post Evacuate Collection Set: 0.67ms
[2025-02-06T19:57:42.844+0530][gc,phases   ] GC(33)   Other: 0.42ms
[2025-02-06T19:57:42.844+0530][gc,heap     ] GC(33) Eden regions: 60->0(83)
[2025-02-06T19:57:42.844+0530][gc,heap     ] GC(33) Survivor regions: 3->3(8)
[2025-02-06T19:57:42.844+0530][gc,heap     ] GC(33) Old regions: 20->20
[2025-02-06T19:57:42.844+0530][gc,heap     ] GC(33) Humongous regions: 129->129
[2025-02-06T19:57:42.845+0530][gc,metaspace] GC(33) Metaspace: 43945K(44608K)->43945K(44608K) NonClass: 38684K(39040K)->38684K(39040K) Class: 5260K(5568K)->5260K(5568K)
[2025-02-06T19:57:42.845+0530][gc          ] GC(33) Pause Young (Normal) (G1 Evacuation Pause) 211M->151M(1024M) 15.436ms
[2025-02-06T19:57:42.845+0530][gc,cpu      ] GC(33) User=0.01s Sys=0.02s Real=0.02s
[2025-02-06T20:09:37.947+0530][gc,start    ] GC(34) Pause Young (Normal) (G1 Evacuation Pause)
[2025-02-06T20:09:37.949+0530][gc,task     ] GC(34) Using 8 workers of 8 for evacuation
[2025-02-06T20:09:37.967+0530][gc,phases   ] GC(34)   Pre Evacuate Collection Set: 3.31ms
[2025-02-06T20:09:37.967+0530][gc,phases   ] GC(34)   Merge Heap Roots: 0.36ms
[2025-02-06T20:09:37.967+0530][gc,phases   ] GC(34)   Evacuate Collection Set: 13.15ms
[2025-02-06T20:09:37.967+0530][gc,phases   ] GC(34)   Post Evacuate Collection Set: 0.65ms
[2025-02-06T20:09:37.967+0530][gc,phases   ] GC(34)   Other: 0.49ms
[2025-02-06T20:09:37.967+0530][gc,heap     ] GC(34) Eden regions: 72->0(82)
[2025-02-06T20:09:37.967+0530][gc,heap     ] GC(34) Survivor regions: 3->3(10)
[2025-02-06T20:09:37.967+0530][gc,heap     ] GC(34) Old regions: 20->20
[2025-02-06T20:09:37.967+0530][gc,heap     ] GC(34) Humongous regions: 129->129
[2025-02-06T20:09:37.967+0530][gc,metaspace] GC(34) Metaspace: 43957K(44608K)->43957K(44608K) NonClass: 38696K(39040K)->38696K(39040K) Class: 5260K(5568K)->5260K(5568K)
[2025-02-06T20:09:37.967+0530][gc          ] GC(34) Pause Young (Normal) (G1 Evacuation Pause) 223M->151M(1024M) 19.986ms
[2025-02-06T20:09:37.967+0530][gc,cpu      ] GC(34) User=0.02s Sys=0.03s Real=0.02s
[2025-02-06T20:21:30.893+0530][gc,start    ] GC(35) Pause Young (Normal) (G1 Evacuation Pause)
[2025-02-06T20:21:30.895+0530][gc,task     ] GC(35) Using 8 workers of 8 for evacuation
[2025-02-06T20:21:30.921+0530][gc,mmu      ] GC(35) MMU target violated: 21.0ms (20.0ms/21.0ms)
[2025-02-06T20:21:30.921+0530][gc,phases   ] GC(35)   Pre Evacuate Collection Set: 1.80ms
[2025-02-06T20:21:30.921+0530][gc,phases   ] GC(35)   Merge Heap Roots: 0.23ms
[2025-02-06T20:21:30.921+0530][gc,phases   ] GC(35)   Evacuate Collection Set: 21.10ms
[2025-02-06T20:21:30.921+0530][gc,phases   ] GC(35)   Post Evacuate Collection Set: 2.33ms
[2025-02-06T20:21:30.921+0530][gc,phases   ] GC(35)   Other: 0.88ms
[2025-02-06T20:21:30.921+0530][gc,heap     ] GC(35) Eden regions: 73->0(86)
[2025-02-06T20:21:30.921+0530][gc,heap     ] GC(35) Survivor regions: 3->4(10)
[2025-02-06T20:21:30.921+0530][gc,heap     ] GC(35) Old regions: 20->20
[2025-02-06T20:21:30.921+0530][gc,heap     ] GC(35) Humongous regions: 129->129
[2025-02-06T20:21:30.921+0530][gc,metaspace] GC(35) Metaspace: 43966K(44608K)->43966K(44608K) NonClass: 38705K(39040K)->38705K(39040K) Class: 5260K(5568K)->5260K(5568K)
[2025-02-06T20:21:30.921+0530][gc          ] GC(35) Pause Young (Normal) (G1 Evacuation Pause) 224M->152M(1024M) 30.999ms
[2025-02-06T20:21:30.921+0530][gc,cpu      ] GC(35) User=0.01s Sys=0.03s Real=0.03s
[2025-02-06T20:34:31.667+0530][gc,start    ] GC(36) Pause Young (Normal) (G1 Evacuation Pause)
[2025-02-06T20:34:31.669+0530][gc,task     ] GC(36) Using 8 workers of 8 for evacuation
[2025-02-06T20:34:31.689+0530][gc,phases   ] GC(36)   Pre Evacuate Collection Set: 1.60ms
[2025-02-06T20:34:31.689+0530][gc,phases   ] GC(36)   Merge Heap Roots: 0.33ms
[2025-02-06T20:34:31.689+0530][gc,phases   ] GC(36)   Evacuate Collection Set: 17.13ms
[2025-02-06T20:34:31.689+0530][gc,phases   ] GC(36)   Post Evacuate Collection Set: 0.72ms
[2025-02-06T20:34:31.689+0530][gc,phases   ] GC(36)   Other: 0.37ms
[2025-02-06T20:34:31.689+0530][gc,heap     ] GC(36) Eden regions: 80->0(74)
[2025-02-06T20:34:31.689+0530][gc,heap     ] GC(36) Survivor regions: 4->4(11)
[2025-02-06T20:34:31.689+0530][gc,heap     ] GC(36) Old regions: 20->20
[2025-02-06T20:34:31.689+0530][gc,heap     ] GC(36) Humongous regions: 129->129
[2025-02-06T20:34:31.689+0530][gc,metaspace] GC(36) Metaspace: 44231K(44928K)->44231K(44928K) NonClass: 38912K(39296K)->38912K(39296K) Class: 5318K(5632K)->5318K(5632K)
[2025-02-06T20:34:31.690+0530][gc          ] GC(36) Pause Young (Normal) (G1 Evacuation Pause) 232M->151M(1024M) 22.228ms
[2025-02-06T20:34:31.690+0530][gc,cpu      ] GC(36) User=0.01s Sys=0.04s Real=0.03s
[2025-02-06T20:42:48.204+0530][gc,start    ] GC(37) Pause Young (Normal) (G1 Evacuation Pause)
[2025-02-06T20:42:48.204+0530][gc,task     ] GC(37) Using 8 workers of 8 for evacuation
[2025-02-06T20:42:48.218+0530][gc,phases   ] GC(37)   Pre Evacuate Collection Set: 0.81ms
[2025-02-06T20:42:48.218+0530][gc,phases   ] GC(37)   Merge Heap Roots: 0.17ms
[2025-02-06T20:42:48.218+0530][gc,phases   ] GC(37)   Evacuate Collection Set: 12.02ms
[2025-02-06T20:42:48.218+0530][gc,phases   ] GC(37)   Post Evacuate Collection Set: 0.45ms
[2025-02-06T20:42:48.218+0530][gc,phases   ] GC(37)   Other: 0.13ms
[2025-02-06T20:42:48.218+0530][gc,heap     ] GC(37) Eden regions: 63->0(113)
[2025-02-06T20:42:48.218+0530][gc,heap     ] GC(37) Survivor regions: 4->3(9)
[2025-02-06T20:42:48.218+0530][gc,heap     ] GC(37) Old regions: 20->20
[2025-02-06T20:42:48.218+0530][gc,heap     ] GC(37) Humongous regions: 129->129
[2025-02-06T20:42:48.218+0530][gc,metaspace] GC(37) Metaspace: 44303K(44992K)->44303K(44992K) NonClass: 38976K(39360K)->38976K(39360K) Class: 5327K(5632K)->5327K(5632K)
[2025-02-06T20:42:48.219+0530][gc          ] GC(37) Pause Young (Normal) (G1 Evacuation Pause) 214M->151M(1024M) 14.871ms
[2025-02-06T20:42:48.219+0530][gc,cpu      ] GC(37) User=0.01s Sys=0.02s Real=0.01s
[2025-02-06T20:42:50.221+0530][gc,heap,exit] Heap
[2025-02-06T20:42:50.221+0530][gc,heap,exit]  garbage-first heap   total reserved 1048576K, committed 1048576K, used 165656K [0x00000007c0000000, 0x0000000800000000)
[2025-02-06T20:42:50.221+0530][gc,heap,exit]   region size 1024K, 13 young (13312K), 3 survivors (3072K)
[2025-02-06T20:42:50.221+0530][gc,heap,exit]  Metaspace       used 45183K, committed 45888K, reserved 1114112K
[2025-02-06T20:42:50.221+0530][gc,heap,exit]   class space    used 5514K, committed 5824K, reserved 1048576K
