[2025-02-06T11:09:57.276+0530][gc,init] CardTable entry size: 512
[2025-02-06T11:09:57.276+0530][gc     ] Using G1
[2025-02-06T11:09:57.277+0530][gc,init] Version: 23+37-2369 (release)
[2025-02-06T11:09:57.277+0530][gc,init] CPUs: 8 total, 8 available
[2025-02-06T11:09:57.277+0530][gc,init] Memory: 8192M
[2025-02-06T11:09:57.277+0530][gc,init] Large Page Support: Disabled
[2025-02-06T11:09:57.277+0530][gc,init] NUMA Support: Disabled
[2025-02-06T11:09:57.277+0530][gc,init] Compressed Oops: Enabled (Zero based)
[2025-02-06T11:09:57.277+0530][gc,init] Heap Region Size: 1M
[2025-02-06T11:09:57.277+0530][gc,init] Heap Min Capacity: 512M
[2025-02-06T11:09:57.277+0530][gc,init] Heap Initial Capacity: 512M
[2025-02-06T11:09:57.277+0530][gc,init] Heap Max Capacity: 512M
[2025-02-06T11:09:57.277+0530][gc,init] Pre-touch: Disabled
[2025-02-06T11:09:57.277+0530][gc,init] Parallel Workers: 8
[2025-02-06T11:09:57.277+0530][gc,init] Concurrent Workers: 2
[2025-02-06T11:09:57.277+0530][gc,init] Concurrent Refinement Workers: 8
[2025-02-06T11:09:57.277+0530][gc,init] Periodic GC: Disabled
[2025-02-06T11:09:57.280+0530][gc,metaspace] CDS archive(s) mapped at: [0x00001ffe00000000-0x00001ffe00d94000-0x00001ffe00d94000), size 14237696, SharedBaseAddress: 0x00001ffe00000000, ArchiveRelocationMode: 1.
[2025-02-06T11:09:57.280+0530][gc,metaspace] Compressed class space mapped at: 0x00001ffe01000000-0x00001ffe41000000, reserved size: 1073741824
[2025-02-06T11:09:57.280+0530][gc,metaspace] Narrow klass base: 0x00001ffe00000000, Narrow klass shift: 0, Narrow klass range: 0x100000000
[2025-02-06T11:09:57.799+0530][gc,start    ] GC(0) Pause Young (Normal) (G1 Evacuation Pause)
[2025-02-06T11:09:57.800+0530][gc,task     ] GC(0) Using 8 workers of 8 for evacuation
[2025-02-06T11:09:57.802+0530][gc,phases   ] GC(0)   Pre Evacuate Collection Set: 0.12ms
[2025-02-06T11:09:57.802+0530][gc,phases   ] GC(0)   Merge Heap Roots: 0.25ms
[2025-02-06T11:09:57.802+0530][gc,phases   ] GC(0)   Evacuate Collection Set: 1.69ms
[2025-02-06T11:09:57.802+0530][gc,phases   ] GC(0)   Post Evacuate Collection Set: 0.15ms
[2025-02-06T11:09:57.802+0530][gc,phases   ] GC(0)   Other: 0.16ms
[2025-02-06T11:09:57.802+0530][gc,heap     ] GC(0) Eden regions: 25->0(21)
[2025-02-06T11:09:57.802+0530][gc,heap     ] GC(0) Survivor regions: 0->4(4)
[2025-02-06T11:09:57.802+0530][gc,heap     ] GC(0) Old regions: 2->7
[2025-02-06T11:09:57.802+0530][gc,heap     ] GC(0) Humongous regions: 0->0
[2025-02-06T11:09:57.802+0530][gc,metaspace] GC(0) Metaspace: 7747K(7936K)->7747K(7936K) NonClass: 6882K(6976K)->6882K(6976K) Class: 865K(960K)->865K(960K)
[2025-02-06T11:09:57.802+0530][gc          ] GC(0) Pause Young (Normal) (G1 Evacuation Pause) 26M->9M(512M) 2.865ms
[2025-02-06T11:09:57.802+0530][gc,cpu      ] GC(0) User=0.01s Sys=0.01s Real=0.01s
[2025-02-06T16:33:05.987+0530][gc,start    ] GC(1) Pause Young (Normal) (G1 Evacuation Pause)
[2025-02-06T16:33:05.989+0530][gc,task     ] GC(1) Using 8 workers of 8 for evacuation
[2025-02-06T16:33:06.020+0530][gc,mmu      ] GC(1) MMU target violated: 21.0ms (20.0ms/21.0ms)
[2025-02-06T16:33:06.020+0530][gc,phases   ] GC(1)   Pre Evacuate Collection Set: 2.18ms
[2025-02-06T16:33:06.020+0530][gc,phases   ] GC(1)   Merge Heap Roots: 0.37ms
[2025-02-06T16:33:06.020+0530][gc,phases   ] GC(1)   Evacuate Collection Set: 26.91ms
[2025-02-06T16:33:06.020+0530][gc,phases   ] GC(1)   Post Evacuate Collection Set: 0.55ms
[2025-02-06T16:33:06.020+0530][gc,phases   ] GC(1)   Other: 1.26ms
[2025-02-06T16:33:06.020+0530][gc,heap     ] GC(1) Eden regions: 21->0(24)
[2025-02-06T16:33:06.020+0530][gc,heap     ] GC(1) Survivor regions: 4->1(4)
[2025-02-06T16:33:06.020+0530][gc,heap     ] GC(1) Old regions: 7->11
[2025-02-06T16:33:06.020+0530][gc,heap     ] GC(1) Humongous regions: 0->0
[2025-02-06T16:33:06.020+0530][gc,metaspace] GC(1) Metaspace: 9349K(9536K)->9349K(9536K) NonClass: 8342K(8448K)->8342K(8448K) Class: 1007K(1088K)->1007K(1088K)
[2025-02-06T16:33:06.020+0530][gc          ] GC(1) Pause Young (Normal) (G1 Evacuation Pause) 30M->10M(512M) 33.284ms
[2025-02-06T16:33:06.020+0530][gc,cpu      ] GC(1) User=0.01s Sys=0.05s Real=0.04s
[2025-02-06T20:42:40.434+0530][gc,heap,exit] Heap
[2025-02-06T20:42:40.435+0530][gc,heap,exit]  garbage-first heap   total reserved 524288K, committed 524288K, used 21321K [0x00000007e0000000, 0x0000000800000000)
[2025-02-06T20:42:40.435+0530][gc,heap,exit]   region size 1024K, 12 young (12288K), 1 survivors (1024K)
[2025-02-06T20:42:40.435+0530][gc,heap,exit]  Metaspace       used 9368K, committed 9536K, reserved 1114112K
[2025-02-06T20:42:40.435+0530][gc,heap,exit]   class space    used 1008K, committed 1088K, reserved 1048576K
